// Jest Snapshot v1, https://goo.gl/fbAQLP

exports[`StoreProvider snapshot testing 1`] = `
<div>
  <div>
    store provider
  </div>
</div>
`;
