// Jest Snapshot v1, https://goo.gl/fbAQLP

exports[`Root layout snapshot testing 1`] = `
<div>
  <main
    class="flex min-h-screen flex-col items-center justify-center gap-6 bg-black text-white"
  >
    <h1
      class="text-4xl"
    >
      A simple Next js starter template
    </h1>
    <div
      class="flex gap-5"
    >
      <a
        class="rounded-md border border-white/10 px-20 py-16 text-3xl font-medium  transition-all duration-300 ease-in-out hover:border-white/5 hover:bg-white/10"
        href="/counter"
      >
        Counter
      </a>
      <a
        class="rounded-md border border-white/10 px-20 py-16 text-3xl font-medium  transition-all duration-300 ease-in-out hover:border-white/5 hover:bg-white/10"
        href="/about"
      >
        About
      </a>
    </div>
  </main>
</div>
`;
